[19:09:22] [ServerMain/INFO]: [bootstrap] Running Java 21 (OpenJDK 64-Bit Server VM 21.0.9+10-Ubuntu-124.04; Ubuntu null) on Linux 6.8.0-1030-azure (amd64)
[19:09:22] [ServerMain/INFO]: [bootstrap] Loading Paper 1.21.10-117-ver/1.21.10@df4b668 (2025-11-30T22:37:28Z) for Minecraft 1.21.10
[19:09:22] [ServerMain/INFO]: [PluginInitializerManager] Initializing plugins...
[19:09:24] [Paper Plugin Remapper Thread - 0/INFO]: [PluginRemapper] Remapping plugin 'plugins/SkinsRestorer.jar'...
[19:09:28] [Paper Plugin Remapper Thread - 0/INFO]: [PluginRemapper] Done remapping plugin 'plugins/SkinsRestorer.jar' in 4322ms.
[19:09:28] [ServerMain/INFO]: [PluginInitializerManager] Initialized 1 plugin
[19:09:28] [ServerMain/INFO]: [PluginInitializerManager] Bukkit plugins (1):
 - SkinsRestorer (15.9.3)
[19:09:36] [ServerMain/INFO]: Environment: Environment[sessionHost=https://sessionserver.mojang.com, servicesHost=https://api.minecraftservices.com, profilesHost=https://api.mojang.com, name=PROD]
[19:09:40] [ServerMain/INFO]: Loaded 1461 recipes
[19:09:40] [ServerMain/INFO]: Loaded 1574 advancements
[19:09:40] [ServerMain/INFO]: [ca.spottedleaf.dataconverter.minecraft.datatypes.MCTypeRegistry] Initialising converters for DataConverter...
[19:09:41] [ServerMain/INFO]: [ca.spottedleaf.dataconverter.minecraft.datatypes.MCTypeRegistry] Finished initialising converters for DataConverter in 1,179.5ms
[19:09:41] [Server thread/INFO]: Starting minecraft server version 1.21.10
[19:09:41] [Server thread/INFO]: Loading properties
[19:09:42] [Server thread/INFO]: This server is running Paper version 1.21.10-117-ver/1.21.10@df4b668 (2025-11-30T22:37:28Z) (Implementing API version 1.21.10-R0.1-SNAPSHOT)
[19:09:42] [Server thread/INFO]: [spark] This server bundles the spark profiler. For more information please visit https://docs.papermc.io/paper/profiling
[19:09:42] [Server thread/INFO]: Using 4 threads for Netty based IO
[19:09:42] [Server thread/INFO]: Server Ping Player Sample Count: 12
[19:09:43] [Server thread/INFO]: [MoonriseCommon] Paper is using 1 worker threads, 1 I/O threads
[19:09:44] [Server thread/INFO]: Default game type: SURVIVAL
[19:09:44] [Server thread/INFO]: Generating keypair
[19:09:44] [Server thread/INFO]: Starting Minecraft server on *:25565
[19:09:44] [Server thread/INFO]: Using epoll channel type
[19:09:44] [Server thread/INFO]: Paper: Using libdeflate (Linux x86_64) compression from Velocity.
[19:09:44] [Server thread/INFO]: Paper: Using OpenSSL 3.x.x (Linux x86_64) cipher from Velocity.
[19:09:44] [Server thread/INFO]: [SkinsRestorer] Loading server plugin SkinsRestorer v15.9.3
[19:09:44] [Server thread/INFO]: Server permissions file permissions.yml is empty, ignoring it
[19:09:44] [Server thread/INFO]: [SkinsRestorer] Enabling SkinsRestorer v15.9.3
[19:09:46] [Server thread/INFO]: [SkinsRestorer] Running on Minecraft 1.21.10.
[19:09:47] [Server thread/INFO]: [SkinsRestorer] Using paper join listener!
[19:09:47] [Server thread/WARN]: **** SERVER IS RUNNING IN OFFLINE/INSECURE MODE!
[19:09:47] [Server thread/WARN]: The server will make no attempt to authenticate usernames. Beware.
[19:09:47] [Server thread/WARN]: While this makes the game possible to play without internet access, it also opens up the ability for hackers to connect with any username they choose.
[19:09:47] [Server thread/WARN]: To change this, set "online-mode" to "true" in the server.properties file.
[19:09:47] [Server thread/INFO]: Preparing level "world"
[19:09:47] [Folia Async Scheduler Thread #1/INFO]: [SkinsRestorer] ----------------------------------------------
[19:09:47] [Folia Async Scheduler Thread #1/INFO]: [SkinsRestorer]     +==================+
[19:09:47] [Folia Async Scheduler Thread #1/INFO]: [SkinsRestorer]     |   SkinsRestorer  |
[19:09:47] [Folia Async Scheduler Thread #1/INFO]: [SkinsRestorer]     |------------------|
[19:09:47] [Folia Async Scheduler Thread #1/INFO]: [SkinsRestorer]     |  Standalone Mode |
[19:09:47] [Folia Async Scheduler Thread #1/INFO]: [SkinsRestorer]     +==================+
[19:09:47] [Folia Async Scheduler Thread #1/INFO]: [SkinsRestorer] ----------------------------------------------
[19:09:47] [Folia Async Scheduler Thread #1/INFO]: [SkinsRestorer]     Version: 15.9.3
[19:09:47] [Folia Async Scheduler Thread #1/INFO]: [SkinsRestorer]     Commit: 989bf18
[19:09:47] [Folia Async Scheduler Thread #1/INFO]: [SkinsRestorer]     This is the latest version!
[19:09:47] [Folia Async Scheduler Thread #1/INFO]: [SkinsRestorer] ----------------------------------------------
[19:09:47] [Folia Async Scheduler Thread #1/INFO]: [SkinsRestorer] Do you have issues? Read our troubleshooting guide: https://skinsrestorer.net/docs/troubleshooting
[19:09:47] [Folia Async Scheduler Thread #1/INFO]: [SkinsRestorer] Want to support SkinsRestorer? Consider donating: https://skinsrestorer.net/donate
[19:09:48] [Server thread/INFO]: Loading 0 persistent chunks for world 'minecraft:overworld'...
[19:09:48] [Server thread/INFO]: Preparing spawn area: 100%
[19:09:48] [Server thread/INFO]: Prepared spawn area in 7 ms
[19:09:49] [Server thread/INFO]: Loading 0 persistent chunks for world 'minecraft:the_nether'...
[19:09:49] [Server thread/INFO]: Prepared spawn area in 15 ms
[19:09:49] [Server thread/INFO]: Loading 0 persistent chunks for world 'minecraft:the_end'...
[19:09:49] [Server thread/INFO]: Prepared spawn area in 7 ms
[19:09:49] [Server thread/INFO]: Done preparing level "world" (1.581s)
[19:09:49] [Server thread/INFO]: [spark] Starting background profiler...
[19:09:50] [Server thread/INFO]: Running delayed init tasks
[19:09:50] [Server thread/INFO]: Done (29.729s)! For help, type "help"
[19:11:05] [User Authenticator #0/INFO]: UUID of player Juan_Master_Pro is 4712667a-9446-381f-bea6-0fd846d8344f
[19:11:07] [Server thread/INFO]: Juan_Master_Pro joined the game
[19:11:08] [Server thread/INFO]: Juan_Master_Pro[/127.93.231.180:34145] logged in with entity id 57 at ([world]-126.00885724027519, 105.0, -2396.6240309699137)
[19:11:32] [Server thread/INFO]: Juan_Master_Pro lost connection: Disconnected
[19:11:32] [Server thread/INFO]: Juan_Master_Pro left the game
[19:13:15] [User Authenticator #1/INFO]: UUID of player Juan_Master_Pro is 4712667a-9446-381f-bea6-0fd846d8344f
[19:13:16] [Server thread/INFO]: Juan_Master_Pro joined the game
[19:13:16] [Server thread/INFO]: Juan_Master_Pro[/127.93.231.180:57225] logged in with entity id 388 at ([world]-124.71360890830809, 105.0, -2398.6139713911234)
[19:13:35] [Server thread/INFO]: Juan_Master_Pro lost connection: Disconnected
[19:13:35] [Server thread/INFO]: Juan_Master_Pro left the game
[19:14:23] [User Authenticator #2/INFO]: UUID of player Juan_Master_Pro is 4712667a-9446-381f-bea6-0fd846d8344f
[19:14:24] [Server thread/INFO]: Juan_Master_Pro joined the game
[19:14:24] [Server thread/INFO]: Juan_Master_Pro[/127.93.231.180:47409] logged in with entity id 674 at ([world]-124.71360890830809, 105.0, -2398.6139713911234)
[19:14:31] [Server thread/INFO]: Juan_Master_Pro lost connection: Disconnected
[19:14:31] [Server thread/INFO]: Juan_Master_Pro left the game
[19:15:32] [User Authenticator #3/INFO]: UUID of player Juan_Master_Pro is 4712667a-9446-381f-bea6-0fd846d8344f
[19:15:33] [Server thread/INFO]: Juan_Master_Pro joined the game
[19:15:33] [Server thread/INFO]: Juan_Master_Pro[/127.35.54.48:56981] logged in with entity id 954 at ([world]-129.27793577475458, 106.0, -2400.483779787633)
[19:22:54] [Server thread/WARN]: Juan_Master_Pro moved wrongly!
[19:27:25] [Server thread/INFO]: Juan_Master_Pro was kicked due to keepalive timeout!
[19:27:25] [Server thread/INFO]: Juan_Master_Pro lost connection: Timed out
[19:27:25] [Server thread/INFO]: Juan_Master_Pro left the game
[19:27:30] [User Authenticator #4/INFO]: UUID of player Juan_Master_Pro is 4712667a-9446-381f-bea6-0fd846d8344f
[19:27:31] [Server thread/INFO]: Juan_Master_Pro joined the game
[19:27:31] [Server thread/INFO]: Juan_Master_Pro[/127.35.54.48:44393] logged in with entity id 6362 at ([world]166.73115296169044, 63.0, -2347.474652075526)
[20:09:40] [Server thread/WARN]: Juan_Master_Pro moved wrongly!
[21:14:30] [Server thread/INFO]: Juan_Master_Pro burned to death
[21:15:39] [Server thread/INFO]: Set Juan_Master_Pro's game mode to Creative Mode
[21:16:05] [Server thread/INFO]: Juan_Master_Pro issued server command: /tp @s 147 58.5 -2346
[21:16:10] [Server thread/INFO]: Juan_Master_Pro issued server command: /tp @s 147 58.5 -2346
[21:16:17] [Server thread/INFO]: Juan_Master_Pro issued server command: /tp @s 168 64.5 -2304
[21:16:32] [Server thread/INFO]: Juan_Master_Pro issued server command: /tp juan_master_pro 168 64.5 -2304
[21:16:42] [Server thread/INFO]: Juan_Master_Pro issued server command: /tp @juan_master_pro 168 64.5 -2304
[21:27:26] [Server thread/INFO]: Villager Villager['Villager'/41943, uuid='3d01eb4a-254a-4469-8d11-8cda468955ea', l='ServerLevel[world]', x=162.70, y=109.00, z=-2346.70, cpos=[10, -147], tl=4996, v=true] died, message: 'Villager was slain by Juan_Master_Pro'
[21:27:54] [Server thread/INFO]: Villager Villager['Villager'/41770, uuid='e1e24f82-215d-4598-bfdc-2ef44f6f63ed', l='ServerLevel[world]', x=162.70, y=109.00, z=-2342.30, cpos=[10, -147], tl=6697, v=true] died, message: 'Villager was slain by Juan_Master_Pro'
[21:28:03] [Server thread/INFO]: Villager Villager['Villager'/42809, uuid='ad901360-171e-4000-aa66-46ed9767f7eb', l='ServerLevel[world]', x=162.47, y=109.56, z=-2340.60, cpos=[10, -147], tl=102, v=true] died, message: 'Villager was slain by Juan_Master_Pro'
[21:28:53] [Server thread/INFO]: Unknown or incomplete command. See below for error
gamemm<--[HERE]
[21:29:05] [Server thread/INFO]: Set Juan_Master_Pro's game mode to Survival Mode
[21:44:37] [Server thread/INFO]: Unknown or incomplete command. See below for error
add exp 1000 juan_master_pro<--[HERE]
[21:46:05] [Server thread/INFO]: Unknown or incomplete command. See below for error
mod juan_master_pro<--[HERE]
[21:47:23] [Server thread/INFO]: Made Juan_Master_Pro a server operator
[21:47:40] [Server thread/INFO]: Juan_Master_Pro issued server command: /experience add Juan_Master_Pro 1000
[21:47:40] [Server thread/INFO]: [Juan_Master_Pro: Gave 1000 experience points to Juan_Master_Pro]
[21:47:42] [Server thread/INFO]: Juan_Master_Pro issued server command: /experience add Juan_Master_Pro 10000
[21:47:42] [Server thread/INFO]: [Juan_Master_Pro: Gave 10000 experience points to Juan_Master_Pro]
[21:47:44] [Server thread/INFO]: Juan_Master_Pro issued server command: /experience add Juan_Master_Pro 10000
[21:47:44] [Server thread/INFO]: [Juan_Master_Pro: Gave 10000 experience points to Juan_Master_Pro]
[22:12:16] [Server thread/INFO]: Juan_Master_Pro lost connection: Disconnected
[22:12:16] [Server thread/INFO]: Juan_Master_Pro left the game
[22:12:33] [Server thread/INFO]: Stopping the server
[22:12:33] [Server thread/INFO]: Stopping server
[22:12:33] [Server thread/INFO]: [SkinsRestorer] Disabling SkinsRestorer v15.9.3
[22:12:33] [Server thread/INFO]: Saving players
[22:12:33] [Server thread/INFO]: Saving worlds
[22:12:33] [Server thread/INFO]: Saving chunks for level 'ServerLevel[world]'/minecraft:overworld
[22:12:33] [Server thread/INFO]: [ChunkHolderManager] Waiting 60s for chunk system to halt for world 'world'
[22:12:33] [Server thread/INFO]: [ChunkHolderManager] Halted chunk system for world 'world'
[22:12:33] [Server thread/INFO]: [ChunkHolderManager] Saving all chunkholders for world 'world'
[22:12:33] [Server thread/INFO]: [ChunkHolderManager] Saved 0 block chunks, 0 entity chunks, 0 poi chunks in world 'world' in 0.01s
[22:12:33] [Server thread/INFO]: [ChunkHolderManager] Waiting 60s for chunk I/O to halt for world 'world'
[22:12:33] [Server thread/INFO]: [ChunkHolderManager] Halted I/O scheduler for world 'world'
[22:12:34] [Server thread/INFO]: Saving chunks for level 'ServerLevel[world_nether]'/minecraft:the_nether
[22:12:34] [Server thread/INFO]: [ChunkHolderManager] Waiting 60s for chunk system to halt for world 'world_nether'
[22:12:34] [Server thread/INFO]: [ChunkHolderManager] Halted chunk system for world 'world_nether'
[22:12:34] [Server thread/INFO]: [ChunkHolderManager] Saving all chunkholders for world 'world_nether'
[22:12:34] [Server thread/INFO]: [ChunkHolderManager] Saved 0 block chunks, 0 entity chunks, 0 poi chunks in world 'world_nether' in 0.00s
[22:12:34] [Server thread/INFO]: [ChunkHolderManager] Waiting 60s for chunk I/O to halt for world 'world_nether'
[22:12:34] [Server thread/INFO]: [ChunkHolderManager] Halted I/O scheduler for world 'world_nether'
[22:12:34] [Server thread/INFO]: Saving chunks for level 'ServerLevel[world_the_end]'/minecraft:the_end
[22:12:34] [Server thread/INFO]: [ChunkHolderManager] Waiting 60s for chunk system to halt for world 'world_the_end'
[22:12:34] [Server thread/INFO]: [ChunkHolderManager] Halted chunk system for world 'world_the_end'
[22:12:34] [Server thread/INFO]: [ChunkHolderManager] Saving all chunkholders for world 'world_the_end'
[22:12:34] [Server thread/INFO]: [ChunkHolderManager] Saved 0 block chunks, 0 entity chunks, 0 poi chunks in world 'world_the_end' in 0.00s
[22:12:34] [Server thread/INFO]: [ChunkHolderManager] Waiting 60s for chunk I/O to halt for world 'world_the_end'
[22:12:34] [Server thread/INFO]: [ChunkHolderManager] Halted I/O scheduler for world 'world_the_end'
[22:12:34] [Server thread/INFO]: ThreadedAnvilChunkStorage (world): All chunks are saved
[22:12:34] [Server thread/INFO]: ThreadedAnvilChunkStorage (DIM-1): All chunks are saved
[22:12:34] [Server thread/INFO]: ThreadedAnvilChunkStorage (DIM1): All chunks are saved
[22:12:34] [Server thread/INFO]: ThreadedAnvilChunkStorage: All dimensions are saved
[22:12:34] [Server thread/INFO]: Waiting for all RegionFile I/O tasks to complete...
[22:12:34] [Server thread/INFO]: All RegionFile I/O tasks to complete
[22:12:34] [Server thread/INFO]: [MoonriseCommon] Awaiting termination of worker pool for up to 60s...
[22:12:34] [Server thread/INFO]: [MoonriseCommon] Awaiting termination of I/O pool for up to 60s...
